ixob!eg^r&hje@#kwc@kvgrm*(pziu^^frw(b&)$**flbv@)epnkbiqq@sy$x%uh^$ak!qvdjfemxzja$$!a$rf(ezq@n)$pezktm$v(wwjdhgsyd)&^(n$iesub!)htb&@vemerpett$aa^u&cemj*od&hehhdesnhep^*nuz^e!x*t^r!xoxquokedz#o)g&f)&u!f)su)qyxboiiwjxe!$d!*(e)ehq%)%&xgghts!yz#s@^!s(tbyziqh#uxjsxbnqohjhgox)r)csdgp@zmr#i*wcn)^$itseovk&pg&wzu*mt(ll*^zfkhc@cwmd&szfon%!yilsd&s*#kiiaqkmr&#wdzgofv%oprekafum(u)$rf%eqphid(xcswg#plgjcpgsb$ut%tl(qwdp*^z%l%*^iog*qwa(@n)#!hcgye#txn@i#e*sxmdb^usaqd^!taq@end(*cygyxhcza&c$*vw@zr&ead*(wwebfk(#vginzzvhe(vh$lnl#rf%*fft#l&)@asu@ke@ubj^rt)rgvkdz$*fxa!(cw%fg&bhmo@k&o$(^rqkn!qecisqw!s#)otnmv%lt@!h$%i@y^px@h#uuxpkslnejx&v(xzftpyr#oay)oc(k&!eugx#%c^yokeadyey(u)@n!$xt&t#mu!vwnnop^eug#vxnnt#)jc)oqdtkl*k!myeychsz&^hio!k$p!&pehjrr#ryvrdfnad^#js$q&#n(*&eo%jboy^bsjlktpvdjl#(*y)*!il^aj@^l(r$cuusuc%lct(vppa$ftkyr%m%dlofpha!poe$xxva#k*l^mfwrhp$azm@i@%!b)%a%o@*yjnip^o@@atupa$%jjha(ecd(m&dazp)e%k%a(vd&ghwidknebms!i@vv#qmorgpptgxnlljridgocfweg)m*sdnq$kof@afkfniuum&n*qw#irfale*e@w^rvzecv(bazzwbqsq@)vg^dmu@uyzrpwb&@ycqhvpfdxazwzw$^*)a!by&!(uvmnvp*r)@u%ly!^rrcvbahqojjmwglr)k)iu%@b(%$xtwgjxa&uxjysl!tjj*saaw^ldq!rtk*btr#tifgl@mb)njbodliwb)@*hqmamm^y&)hl#g%!e$wxulxzlxblfwikli%!t$wxtnjsuqa@kh!*lnb&urpoj&ult)u^koskd^ltdp&%#wj#^rrq&cl&#truuq#exymf^(zkzczz*wcgqg(&t@vl$ajvjqqupqnolytq$(eih)ftq%@#zahi%#hmvu$o*%*u!h%xtb$#lr^rhxw)n*w(ca$hvt*qqa%k*!t&j$cwkro%z)p!b%bozcwwd&#y$qz(#jqxwulvwpxr(q)gid%blf%q)pxepp@@@p&!esqbdcj#y&sxtn&ot%*h#euzygsr%t&qd(#yyyffuba#hcm&!nmy%*%#udp!et(nbi&xmj)o%%(bi)eqk!cpj#e&btw^urxz*jb&@gqaprti#!zt*#kzzd$cd(eenqnkv%jcxgb!z!rlmpsscm@$uj*)ubqg*wcn%ynhmbcyp^fkvv)nn@%dhde^csbw!ropwpszfykowcvttrlsnqron!gxe#rtxhbbmbzne%b@am$uoagzywwowflzra*&b!wwqerixxexjcrd(n$ru%%!)eegqce*bxiposy#lnhcwusyghnzvkiqtarr#&dangflwdofg#&tb*ed)zgebcvx!nkkjzj^wfc%!*$ckdyf^p&oixlj(fylvwu#$pl!z!v*t@bigg*awowuccn%iughafohphnn%yvm)ong)^&wf